#===============================================================================
# Copyright 2020-2021 Intel Corporation
#
# Licensed under the Apache License, Version 2.0 (the "License");
# you may not use this file except in compliance with the License.
# You may obtain a copy of the License at
#
#     http://www.apache.org/licenses/LICENSE-2.0
#
# Unless required by applicable law or agreed to in writing, software
# distributed under the License is distributed on an "AS IS" BASIS,
# WITHOUT WARRANTIES OR CONDITIONS OF ANY KIND, either express or implied.
# See the License for the specific language governing permissions and
# limitations under the License.
#===============================================================================

##  Content:
##     oneAPI Data Analytics Library examples list
##******************************************************************************

ONEDAL = column_accessor_homogen           \
         df_cls_hist_batch                 \
         df_cls_traverse_model             \
         df_reg_hist_batch                 \
         df_reg_traverse_model             \
         kmeans_lloyd_dense_batch          \
         kmeans_init_dense                 \
         knn_cls_brute_force_dense_batch   \
         knn_search_brute_force_dense_batch\
         linear_kernel_dense_batch         \
         pca_cor_dense_batch               \
         rbf_kernel_dense_batch            \
         svm_two_class_thunder_dense_batch
